Wjamit version: 8.0.0
Option = 1
Prf File Name = ghrint.prf
Section Name = CREATE_OBJECTS
Out Location = C:\SSFAWS2\DBMS\ghrtci\
File Prefix = ghrtci
Server = TCIG
Starting Section C:\SSFAWS2\DBMS\ghrtci\ghrint.prf:CREATE_OBJECTS against server TCIG at Thu Mar 12 13:49:43 2026


msg=prf00012
//exec[C:\SSFAWS2\DBMS\ghrtci\ghrint.prf:CREATE_TABLES]
//exec[C:\SSFAWS2\DBMS\ghrtci\ghrint.prf:DELETE_MAPPING_DATA]
//exec[C:\SSFAWS2\DBMS\ghrtci\ghrint.prf:LOAD_MAPPING_PSCB]
//exec[C:\SSFAWS2\DBMS\ghrtci\ghrint.prf:LOAD_MAPPING_ENTP]
//exec[C:\SSFAWS2\DBMS\ghrtci\ghrint.prf:LOAD_MAPPING_CTLG]
//exec[C:\SSFAWS2\DBMS\ghrtci\ghrint.prf:LOAD_MAPPING_PIQD]
//exec[C:\SSFAWS2\DBMS\ghrtci\ghrint.prf:LOAD_MAPPING_MESM]
//exec[C:\SSFAWS2\DBMS\ghrtci\ghrint.prf:CREATE_DBSOSXP_STORED_PROCEDURES]
exec[C:\SSFAWS2\DBMS\ghrtci\ghrint.prf:CREATE_DBSHRPN_STORED_PROCEDURES]
Starting Section C:\SSFAWS2\DBMS\ghrtci\ghrint.prf:CREATE_DBSHRPN_STORED_PROCEDURES against server TCIG at Thu Mar 12 13:49:43 2026


ghrsp011.sp
ghrsp012.sp

Completed Section C:\SSFAWS2\DBMS\ghrtci\ghrint.prf:CREATE_DBSHRPN_STORED_PROCEDURES at Thu Mar 12 13:49:43 2026

//exec[C:\SSFAWS2\DBMS\ghrtci\ghrint.prf:UPDATE_DBSPIQD_TABLE]
Completed Section C:\SSFAWS2\DBMS\ghrtci\ghrint.prf:CREATE_OBJECTS at Thu Mar 12 13:49:43 2026

Wjamit version: 8.0.0
Option = 1
Prf File Name = ghrint.prf
Section Name = CREATE_OBJECTS
Out Location = C:\SSFAWS2\DBMS\ghrtci\
File Prefix = ghrtci
Server = TCIG
Starting Section C:\SSFAWS2\DBMS\ghrtci\ghrint.prf:CREATE_OBJECTS against server TCIG at Thu Mar 12 14:20:25 2026


msg=prf00012
//exec[C:\SSFAWS2\DBMS\ghrtci\ghrint.prf:CREATE_TABLES]
//exec[C:\SSFAWS2\DBMS\ghrtci\ghrint.prf:DELETE_MAPPING_DATA]
//exec[C:\SSFAWS2\DBMS\ghrtci\ghrint.prf:LOAD_MAPPING_PSCB]
//exec[C:\SSFAWS2\DBMS\ghrtci\ghrint.prf:LOAD_MAPPING_ENTP]
//exec[C:\SSFAWS2\DBMS\ghrtci\ghrint.prf:LOAD_MAPPING_CTLG]
//exec[C:\SSFAWS2\DBMS\ghrtci\ghrint.prf:LOAD_MAPPING_PIQD]
//exec[C:\SSFAWS2\DBMS\ghrtci\ghrint.prf:LOAD_MAPPING_MESM]
//exec[C:\SSFAWS2\DBMS\ghrtci\ghrint.prf:CREATE_DBSOSXP_STORED_PROCEDURES]
exec[C:\SSFAWS2\DBMS\ghrtci\ghrint.prf:CREATE_DBSHRPN_STORED_PROCEDURES]
Starting Section C:\SSFAWS2\DBMS\ghrtci\ghrint.prf:CREATE_DBSHRPN_STORED_PROCEDURES against server TCIG at Thu Mar 12 14:20:25 2026


ghrsp011.sp
ghrsp012.sp
ghrsp021.sp
ghrsp031.sp
ghrsp032.sp
ghrsp033.sp

Completed Section C:\SSFAWS2\DBMS\ghrtci\ghrint.prf:CREATE_DBSHRPN_STORED_PROCEDURES at Thu Mar 12 14:20:26 2026

//exec[C:\SSFAWS2\DBMS\ghrtci\ghrint.prf:UPDATE_DBSPIQD_TABLE]
Completed Section C:\SSFAWS2\DBMS\ghrtci\ghrint.prf:CREATE_OBJECTS at Thu Mar 12 14:20:26 2026

Wjamit version: 8.0.0
Option = 1
Prf File Name = ghrint.prf
Section Name = CREATE_OBJECTS
Out Location = C:\SSFAWS2\DBMS\ghrtci\
File Prefix = ghrtci
Server = TCIG
Starting Section C:\SSFAWS2\DBMS\ghrtci\ghrint.prf:CREATE_OBJECTS against server TCIG at Thu Mar 12 15:08:12 2026


msg=prf00012
//exec[C:\SSFAWS2\DBMS\ghrtci\ghrint.prf:CREATE_TABLES]
//exec[C:\SSFAWS2\DBMS\ghrtci\ghrint.prf:DELETE_MAPPING_DATA]
//exec[C:\SSFAWS2\DBMS\ghrtci\ghrint.prf:LOAD_MAPPING_PSCB]
//exec[C:\SSFAWS2\DBMS\ghrtci\ghrint.prf:LOAD_MAPPING_ENTP]
//exec[C:\SSFAWS2\DBMS\ghrtci\ghrint.prf:LOAD_MAPPING_CTLG]
//exec[C:\SSFAWS2\DBMS\ghrtci\ghrint.prf:LOAD_MAPPING_PIQD]
//exec[C:\SSFAWS2\DBMS\ghrtci\ghrint.prf:LOAD_MAPPING_MESM]
//exec[C:\SSFAWS2\DBMS\ghrtci\ghrint.prf:CREATE_DBSOSXP_STORED_PROCEDURES]
exec[C:\SSFAWS2\DBMS\ghrtci\ghrint.prf:CREATE_DBSHRPN_STORED_PROCEDURES]
Starting Section C:\SSFAWS2\DBMS\ghrtci\ghrint.prf:CREATE_DBSHRPN_STORED_PROCEDURES against server TCIG at Thu Mar 12 15:08:12 2026


ghrsp011.sp
ghrsp012.sp
ghrsp021.sp
ghrsp031.sp
ghrsp032.sp
ghrsp033.sp
ghrsp041.sp
ghrsp051.sp
ghrsp052.sp
ghrsp053.sp
ghrsp054.sp
ghrsp055.sp
ghrsp056.sp

Completed Section C:\SSFAWS2\DBMS\ghrtci\ghrint.prf:CREATE_DBSHRPN_STORED_PROCEDURES at Thu Mar 12 15:08:13 2026

//exec[C:\SSFAWS2\DBMS\ghrtci\ghrint.prf:UPDATE_DBSPIQD_TABLE]
Completed Section C:\SSFAWS2\DBMS\ghrtci\ghrint.prf:CREATE_OBJECTS at Thu Mar 12 15:08:13 2026

Wjamit version: 8.0.0
Option = 1
Prf File Name = ghrint.prf
Section Name = CREATE_OBJECTS
Out Location = C:\SSFAWS2\DBMS\ghrtci\
File Prefix = ghrtci
Server = GRENADA
Starting Section C:\SSFAWS2\DBMS\ghrtci\ghrint.prf:CREATE_OBJECTS against server GRENADA at Thu Mar 19 14:15:23 2026


msg=prf00012
//exec[C:\SSFAWS2\DBMS\ghrtci\ghrint.prf:CREATE_TABLES]
//exec[C:\SSFAWS2\DBMS\ghrtci\ghrint.prf:DELETE_MAPPING_DATA]
//exec[C:\SSFAWS2\DBMS\ghrtci\ghrint.prf:LOAD_MAPPING_PSCB]
//exec[C:\SSFAWS2\DBMS\ghrtci\ghrint.prf:LOAD_MAPPING_ENTP]
//exec[C:\SSFAWS2\DBMS\ghrtci\ghrint.prf:LOAD_MAPPING_CTLG]
//exec[C:\SSFAWS2\DBMS\ghrtci\ghrint.prf:LOAD_MAPPING_PIQD]
//exec[C:\SSFAWS2\DBMS\ghrtci\ghrint.prf:LOAD_MAPPING_MESM]
exec[C:\SSFAWS2\DBMS\ghrtci\ghrint.prf:CREATE_DBSHRPN_STORED_PROCEDURES]
Starting Section C:\SSFAWS2\DBMS\ghrtci\ghrint.prf:CREATE_DBSHRPN_STORED_PROCEDURES against server GRENADA at Thu Mar 19 14:15:23 2026


ghrsp011.sp
ghrsp012.sp
ghrsp013.sp
ghrsp015.sp
ghrsp016.sp
ghrsp021.sp
ghrsp031.sp
ghrsp032.sp
ghrsp033.sp
ghrsp034.sp
ghrsp035.sp
ghrsp041.sp
ghrsp051.sp
ghrsp052.sp
ghrsp053.sp
ghrsp054.sp
ghrsp055.sp
ghrsp056.sp
ghrsp099.sp
ghrspb01.sp
ghrspb02.sp
ghrspb03.sp
ghrspb04.sp


Completed Section C:\SSFAWS2\DBMS\ghrtci\ghrint.prf:CREATE_DBSHRPN_STORED_PROCEDURES at Thu Mar 19 14:15:25 2026

//exec[C:\SSFAWS2\DBMS\ghrtci\ghrint.prf:UPDATE_DBSPIQD_TABLE]
Completed Section C:\SSFAWS2\DBMS\ghrtci\ghrint.prf:CREATE_OBJECTS at Thu Mar 19 14:15:25 2026

